[dotenv@17.3.1] injecting env (0) from .env -- tip: 🤖 agentic secret storage: https://dotenvx.com/as2
🧪 Testing plan generation for test-1771422306258@example.com...
👤 UserService: Registering user test-1771422306258@example.com...
📅 UserService: Automatically generating plan for user cmls33t6t0000vw0ohmo4jmq2...
🤖 PlanService: Generating optimized plan for user cmls33t6t0000vw0ohmo4jmq2...
🔨 Compiling plan (v2) for user cmls33t6t0000vw0ohmo4jmq2...
[ExerciseSelector] Retrying Bicep Curl Arc without type restriction...
[ExerciseSelector] Retrying Plantar Flexion without type restriction...
[ExerciseSelector] Retrying Bicep Curl Arc without type restriction...
[ExerciseSelector] Retrying Plantar Flexion without type restriction...
[ExerciseSelector] Retrying Bicep Curl Arc without type restriction...
[ExerciseSelector] Retrying Plantar Flexion without type restriction...
✅ Plan compilation (v2) complete for user cmls33t6t0000vw0ohmo4jmq2
✅ PlanService: Created optimized plan cmls355470002vw0ouvejknzz with 12 sessions.
✅ UserService: Auto-plan generated for user cmls33t6t0000vw0ohmo4jmq2
✅ Registration result: { userId: 'cmls33t6t0000vw0ohmo4jmq2', hasTokens: true }
✨ SUCCESS: Plan generated!
